command: C:\Users\thoth\anaconda3\envs\jciiot2026\python.exe D:\projects\jciiot\JCIIOT2026\JCIIOT\src\robot_agent\task_subprocess_runner.py --task "Please strictly adhere to the Standard Operating Procedure (SOP) for this task. The object to be handled is a blue, hollow plastic box. The Pick Station is designated as Pick Station 5, and the Place Station is designated as Place Station 2." --task-index 3 --timestamp 20260816_225830 --result-json D:\projects\jciiot\JCIIOT2026\JCIIOT\recordings\FactorySorting7_3FO3ERFKY9RN\result_20260816_225830.json --app-dir D:\projects\jciiot\JCIIOT2026\JCIIOT --knowledge-enabled true

===== OUTPUT =====
[robosuite WARNING] No private macro file found! (macros.py:57)
[robosuite WARNING] It is recommended to use a private macro file (macros.py:58)
[robosuite WARNING] To setup, run: python D:\projects\jciiot\JCIIOT2026\JCIIOT\robosuite\robosuite/scripts/setup_macros.py (macros.py:59)
[robosuite WARNING] Could not load the mink-based whole-body IK. Make sure you install related import properly (e.g. pip install mink==0.0.5), otherwise you will not be able to use the default IK controller setting for GR1 robot. (__init__.py:41)
[robosuite INFO] Loading controller configuration from: D:\projects\jciiot\JCIIOT2026\JCIIOT\robosuite\robosuite\controllers\config\robots\default_tiago.json (composite_controller_factory.py:121)
[robosuite INFO] Loading controller configuration from: D:\projects\jciiot\JCIIOT2026\JCIIOT\robosuite\robosuite\controllers\config\robots\default_tiago.json (composite_controller_factory.py:121)
[robosuite INFO] Loading controller configuration from: D:\projects\jciiot\JCIIOT2026\JCIIOT\robosuite\robosuite\controllers\config\robots\default_tiago.json (composite_controller_factory.py:121)
[robosuite INFO] Loading controller configuration from: D:\projects\jciiot\JCIIOT2026\JCIIOT\robosuite\robosuite\controllers\config\robots\default_tiago.json (composite_controller_factory.py:121)

============= Initialized Observation Utils with Obs Spec =============

using obs modality: low_dim with keys: ['robot0_left_gripper_qpos', 'robot0_right_eef_quat', 'robot0_left_eef_pos', 'robot0_right_eef_pos', 'robot0_right_gripper_qpos', 'robot0_left_eef_quat']
using obs modality: rgb with keys: ['robot0_robotview_image']
using obs modality: depth with keys: []
using obs modality: scan with keys: []
Created GPT_Backbone model with number of parameters: 396032
Loaded robomimic checkpoint: D:\projects\jciiot\JCIIOT2026\JCIIOT\robosuite\robosuite\model_epoch_150.pth
Evaluation device: cpu
[GEOM_GRASP] source=input_2 object=blue_container_h01_back_upper left=[-9.6303, 5.1774, 1.3494] right=[-9.6303, 5.5094, 1.3494] center=[-9.8483, 5.3434, 1.3494] target_z=1.4494
transport_attachment_enabled: object=blue_container_h01_back_upper, joint=blue_container_h01_back_upper_joint0, relative_xy=[1.0285, 0.0026], world_z=1.567524, held_gripper_joints=12
turn_to_output_result: success=True, turn_steps=40, target_yaw=-0.085067, final_yaw=-0.085110, final_error=0.000043, xy_drift=0.000000

===== PROCESS EXIT =====
returncode: 0
