command: C:\Users\thoth\anaconda3\envs\jciiot2026\python.exe D:\projects\jciiot\JCIIOT2026\JCIIOT\src\robot_agent\task_subprocess_runner.py --task "Current Task Material Information:
Material Name: Green-rimmed storage bin
Starting Location: Pick Station 1
Target Location: Place Station 3
Quantity to Transport: 1" --task-index 1 --timestamp 20260816_230547 --result-json D:\projects\jciiot\JCIIOT2026\JCIIOT\recordings\FactorySorting3_3FO3ERRPH7X9\result_20260816_230547.json --app-dir D:\projects\jciiot\JCIIOT2026\JCIIOT --knowledge-enabled true

===== OUTPUT =====
[robosuite WARNING] No private macro file found! (macros.py:57)
[robosuite WARNING] It is recommended to use a private macro file (macros.py:58)
[robosuite WARNING] To setup, run: python D:\projects\jciiot\JCIIOT2026\JCIIOT\robosuite\robosuite/scripts/setup_macros.py (macros.py:59)
[robosuite WARNING] Could not load the mink-based whole-body IK. Make sure you install related import properly (e.g. pip install mink==0.0.5), otherwise you will not be able to use the default IK controller setting for GR1 robot. (__init__.py:41)
[robosuite INFO] Loading controller configuration from: D:\projects\jciiot\JCIIOT2026\JCIIOT\robosuite\robosuite\controllers\config\robots\default_tiago.json (composite_controller_factory.py:121)
[robosuite INFO] Loading controller configuration from: D:\projects\jciiot\JCIIOT2026\JCIIOT\robosuite\robosuite\controllers\config\robots\default_tiago.json (composite_controller_factory.py:121)
[robosuite INFO] Loading controller configuration from: D:\projects\jciiot\JCIIOT2026\JCIIOT\robosuite\robosuite\controllers\config\robots\default_tiago.json (composite_controller_factory.py:121)
[robosuite INFO] Loading controller configuration from: D:\projects\jciiot\JCIIOT2026\JCIIOT\robosuite\robosuite\controllers\config\robots\default_tiago.json (composite_controller_factory.py:121)

============= Initialized Observation Utils with Obs Spec =============

using obs modality: low_dim with keys: ['robot0_right_eef_pos', 'robot0_left_eef_quat', 'robot0_left_eef_pos', 'robot0_left_gripper_qpos', 'robot0_right_eef_quat', 'robot0_right_gripper_qpos']
using obs modality: rgb with keys: ['robot0_robotview_image']
using obs modality: depth with keys: []
using obs modality: scan with keys: []
Created GPT_Backbone model with number of parameters: 396032
Loaded robomimic checkpoint: D:\projects\jciiot\JCIIOT2026\JCIIOT\robosuite\robosuite\model_epoch_150.pth
Evaluation device: cpu
[GEOM_GRASP] source=input_6 object=green_tote_b01_upper left=[11.7026, 4.4099, 1.4] right=[12.0326, 4.4099, 1.4] center=[11.8676, 4.6249, 1.4] target_z=1.5000
transport_attachment_enabled: object=green_tote_b01_upper, joint=green_tote_b01_upper_joint0, relative_xy=[1.0507, -0.0311], world_z=1.454015, held_gripper_joints=12
turn_to_output_result: success=True, turn_steps=40, target_yaw=0.081734, final_yaw=0.081754, final_error=-0.000020, xy_drift=0.000000

===== PROCESS EXIT =====
returncode: 0
